::ffff:127.0.0.1 - - [05/Nov/2018:14:46:06 +0000] "POST /api/auth/login HTTP/1.1" 200 195 "-" "PostmanRuntime/7.3.0"
::ffff:127.0.0.1 - - [05/Nov/2018:15:15:29 +0000] "POST /api/auth/login HTTP/1.1" 404 14 "-" "PostmanRuntime/7.3.0"
::ffff:127.0.0.1 - - [05/Nov/2018:15:19:45 +0000] "POST /api/auth/register HTTP/1.1" 200 195 "-" "PostmanRuntime/7.3.0"
::ffff:127.0.0.1 - - [05/Nov/2018:15:20:06 +0000] "POST /api/auth/login HTTP/1.1" 200 195 "-" "PostmanRuntime/7.3.0"
::ffff:127.0.0.1 - - [12/Nov/2018:09:22:26 +0000] "POST /api/auth/register HTTP/1.1" 500 42 "http://localhost:8100/" "Mozilla/5.0 (Windows NT 10.0; Win64; x64; rv:63.0) Gecko/20100101 Firefox/63.0"
::ffff:127.0.0.1 - - [12/Nov/2018:09:23:59 +0000] "POST /api/auth/register HTTP/1.1" 500 42 "http://localhost:8100/" "Mozilla/5.0 (Windows NT 10.0; Win64; x64; rv:63.0) Gecko/20100101 Firefox/63.0"
::ffff:127.0.0.1 - - [12/Nov/2018:09:28:02 +0000] "POST /api/auth/register HTTP/1.1" 500 42 "http://localhost:8100/" "Mozilla/5.0 (Windows NT 10.0; Win64; x64; rv:63.0) Gecko/20100101 Firefox/63.0"
::ffff:127.0.0.1 - - [12/Nov/2018:09:29:04 +0000] "POST /api/auth/register HTTP/1.1" 200 195 "-" "PostmanRuntime/7.3.0"
::ffff:127.0.0.1 - - [12/Nov/2018:09:30:30 +0000] "POST /api/auth/login HTTP/1.1" 404 14 "-" "PostmanRuntime/7.3.0"
::ffff:127.0.0.1 - - [12/Nov/2018:09:30:43 +0000] "POST /api/auth/login HTTP/1.1" 200 195 "-" "PostmanRuntime/7.3.0"
::ffff:127.0.0.1 - - [12/Nov/2018:09:30:57 +0000] "POST /api/auth/register HTTP/1.1" 500 42 "-" "PostmanRuntime/7.3.0"
::ffff:127.0.0.1 - - [12/Nov/2018:09:35:02 +0000] "POST /api/auth/register HTTP/1.1" 500 42 "-" "PostmanRuntime/7.3.0"
::ffff:127.0.0.1 - - [12/Nov/2018:09:36:18 +0000] "POST /api/auth/register HTTP/1.1" 500 42 "http://localhost:8100/" "Mozilla/5.0 (Windows NT 10.0; Win64; x64; rv:63.0) Gecko/20100101 Firefox/63.0"
::ffff:127.0.0.1 - - [12/Nov/2018:09:37:16 +0000] "POST /api/auth/register HTTP/1.1" 200 195 "http://localhost:8100/" "Mozilla/5.0 (Windows NT 10.0; Win64; x64; rv:63.0) Gecko/20100101 Firefox/63.0"
::1 - - [12/Nov/2018:09:39:07 +0000] "POST /api/auth/login HTTP/1.1" 200 195 "http://localhost:8100/" "Mozilla/5.0 (Windows NT 10.0; Win64; x64) AppleWebKit/537.36 (KHTML, like Gecko) Chrome/70.0.3538.77 Safari/537.36"
::1 - - [12/Nov/2018:09:39:41 +0000] "POST /api/auth/login HTTP/1.1" 200 195 "http://localhost:8100/" "Mozilla/5.0 (iPhone; CPU iPhone OS 11_0 like Mac OS X) AppleWebKit/604.1.38 (KHTML, like Gecko) Version/11.0 Mobile/15A372 Safari/604.1"
::ffff:127.0.0.1 - - [12/Nov/2018:09:41:28 +0000] "POST /api/auth/login HTTP/1.1" 404 14 "-" "PostmanRuntime/7.3.0"
::ffff:127.0.0.1 - - [12/Nov/2018:09:41:38 +0000] "POST /api/auth/login HTTP/1.1" 200 195 "-" "PostmanRuntime/7.3.0"
::1 - - [12/Nov/2018:09:44:36 +0000] "POST /api/auth/login HTTP/1.1" 200 195 "http://localhost:8100/" "Mozilla/5.0 (iPhone; CPU iPhone OS 11_0 like Mac OS X) AppleWebKit/604.1.38 (KHTML, like Gecko) Version/11.0 Mobile/15A372 Safari/604.1"
::ffff:127.0.0.1 - - [12/Nov/2018:09:49:28 +0000] "GET /api/auth/profile HTTP/1.1" 404 37 "-" "PostmanRuntime/7.3.0"
::ffff:127.0.0.1 - - [12/Nov/2018:09:51:33 +0000] "GET /api/auth/me HTTP/1.1" 200 109 "-" "PostmanRuntime/7.3.0"
::1 - - [12/Nov/2018:09:54:27 +0000] "GET /api/auth/profile HTTP/1.1" 404 37 "http://localhost:8100/" "Mozilla/5.0 (iPhone; CPU iPhone OS 11_0 like Mac OS X) AppleWebKit/604.1.38 (KHTML, like Gecko) Version/11.0 Mobile/15A372 Safari/604.1"
::ffff:127.0.0.1 - - [12/Nov/2018:09:54:28 +0000] "GET /api/auth/profile HTTP/1.1" 404 37 "http://localhost:8100/" "Mozilla/5.0 (Windows NT 10.0; Win64; x64; rv:63.0) Gecko/20100101 Firefox/63.0"
::ffff:127.0.0.1 - - [12/Nov/2018:09:54:40 +0000] "GET /api/auth/profile HTTP/1.1" 403 45 "http://localhost:8100/" "Mozilla/5.0 (Windows NT 10.0; Win64; x64; rv:63.0) Gecko/20100101 Firefox/63.0"
::ffff:127.0.0.1 - - [12/Nov/2018:09:54:44 +0000] "GET /api/auth/profile HTTP/1.1" 403 45 "http://localhost:8100/" "Mozilla/5.0 (Windows NT 10.0; Win64; x64; rv:63.0) Gecko/20100101 Firefox/63.0"
::ffff:127.0.0.1 - - [12/Nov/2018:09:54:45 +0000] "GET /api/auth/profile HTTP/1.1" 403 45 "http://localhost:8100/" "Mozilla/5.0 (Windows NT 10.0; Win64; x64; rv:63.0) Gecko/20100101 Firefox/63.0"
::1 - - [12/Nov/2018:10:06:06 +0000] "GET /api/auth/profile HTTP/1.1" 403 45 "http://localhost:8100/" "Mozilla/5.0 (iPhone; CPU iPhone OS 11_0 like Mac OS X) AppleWebKit/604.1.38 (KHTML, like Gecko) Version/11.0 Mobile/15A372 Safari/604.1"
::ffff:127.0.0.1 - - [12/Nov/2018:10:06:08 +0000] "GET /api/auth/profile HTTP/1.1" 403 45 "http://localhost:8100/" "Mozilla/5.0 (Windows NT 10.0; Win64; x64; rv:63.0) Gecko/20100101 Firefox/63.0"
::1 - - [12/Nov/2018:10:06:32 +0000] "GET /api/auth/profile HTTP/1.1" 403 45 "http://localhost:8100/" "Mozilla/5.0 (iPhone; CPU iPhone OS 11_0 like Mac OS X) AppleWebKit/604.1.38 (KHTML, like Gecko) Version/11.0 Mobile/15A372 Safari/604.1"
::ffff:127.0.0.1 - - [12/Nov/2018:10:06:34 +0000] "GET /api/auth/profile HTTP/1.1" 403 45 "http://localhost:8100/" "Mozilla/5.0 (Windows NT 10.0; Win64; x64; rv:63.0) Gecko/20100101 Firefox/63.0"
::1 - - [12/Nov/2018:10:06:40 +0000] "GET /api/auth/profile HTTP/1.1" 403 45 "http://localhost:8100/" "Mozilla/5.0 (iPhone; CPU iPhone OS 11_0 like Mac OS X) AppleWebKit/604.1.38 (KHTML, like Gecko) Version/11.0 Mobile/15A372 Safari/604.1"
::1 - - [12/Nov/2018:10:06:44 +0000] "GET /api/auth/logout HTTP/1.1" 200 27 "http://localhost:8100/" "Mozilla/5.0 (iPhone; CPU iPhone OS 11_0 like Mac OS X) AppleWebKit/604.1.38 (KHTML, like Gecko) Version/11.0 Mobile/15A372 Safari/604.1"
::1 - - [12/Nov/2018:10:06:45 +0000] "GET /api/auth/profile HTTP/1.1" 403 45 "http://localhost:8100/" "Mozilla/5.0 (iPhone; CPU iPhone OS 11_0 like Mac OS X) AppleWebKit/604.1.38 (KHTML, like Gecko) Version/11.0 Mobile/15A372 Safari/604.1"
::1 - - [12/Nov/2018:10:07:05 +0000] "GET /api/auth/profile HTTP/1.1" 403 45 "http://localhost:8100/" "Mozilla/5.0 (iPhone; CPU iPhone OS 11_0 like Mac OS X) AppleWebKit/604.1.38 (KHTML, like Gecko) Version/11.0 Mobile/15A372 Safari/604.1"
::1 - - [12/Nov/2018:10:07:07 +0000] "POST /api/auth/login HTTP/1.1" 200 195 "http://localhost:8100/" "Mozilla/5.0 (iPhone; CPU iPhone OS 11_0 like Mac OS X) AppleWebKit/604.1.38 (KHTML, like Gecko) Version/11.0 Mobile/15A372 Safari/604.1"
::1 - - [12/Nov/2018:10:07:29 +0000] "GET /api/auth/profile HTTP/1.1" 403 45 "http://localhost:8100/" "Mozilla/5.0 (iPhone; CPU iPhone OS 11_0 like Mac OS X) AppleWebKit/604.1.38 (KHTML, like Gecko) Version/11.0 Mobile/15A372 Safari/604.1"
::1 - - [12/Nov/2018:10:07:45 +0000] "GET /api/auth/profile HTTP/1.1" 403 45 "http://localhost:8100/" "Mozilla/5.0 (iPhone; CPU iPhone OS 11_0 like Mac OS X) AppleWebKit/604.1.38 (KHTML, like Gecko) Version/11.0 Mobile/15A372 Safari/604.1"
::1 - - [12/Nov/2018:10:08:15 +0000] "GET /api/auth/profile HTTP/1.1" 403 45 "http://localhost:8100/" "Mozilla/5.0 (iPhone; CPU iPhone OS 11_0 like Mac OS X) AppleWebKit/604.1.38 (KHTML, like Gecko) Version/11.0 Mobile/15A372 Safari/604.1"
::ffff:127.0.0.1 - - [12/Nov/2018:10:08:17 +0000] "GET /api/auth/profile HTTP/1.1" 403 45 "http://localhost:8100/" "Mozilla/5.0 (Windows NT 10.0; Win64; x64; rv:63.0) Gecko/20100101 Firefox/63.0"
::1 - - [12/Nov/2018:10:08:18 +0000] "GET /api/auth/profile HTTP/1.1" 403 45 "http://localhost:8100/" "Mozilla/5.0 (iPhone; CPU iPhone OS 11_0 like Mac OS X) AppleWebKit/604.1.38 (KHTML, like Gecko) Version/11.0 Mobile/15A372 Safari/604.1"
::1 - - [12/Nov/2018:10:09:29 +0000] "GET /api/auth/profile HTTP/1.1" 403 45 "http://localhost:8100/" "Mozilla/5.0 (iPhone; CPU iPhone OS 11_0 like Mac OS X) AppleWebKit/604.1.38 (KHTML, like Gecko) Version/11.0 Mobile/15A372 Safari/604.1"
::ffff:127.0.0.1 - - [12/Nov/2018:10:09:32 +0000] "GET /api/auth/profile HTTP/1.1" 403 45 "http://localhost:8100/" "Mozilla/5.0 (Windows NT 10.0; Win64; x64; rv:63.0) Gecko/20100101 Firefox/63.0"
::1 - - [12/Nov/2018:10:12:02 +0000] "GET /api/auth/profile HTTP/1.1" 403 45 "http://localhost:8100/" "Mozilla/5.0 (iPhone; CPU iPhone OS 11_0 like Mac OS X) AppleWebKit/604.1.38 (KHTML, like Gecko) Version/11.0 Mobile/15A372 Safari/604.1"
::ffff:127.0.0.1 - - [12/Nov/2018:10:12:04 +0000] "GET /api/auth/profile HTTP/1.1" 403 45 "http://localhost:8100/" "Mozilla/5.0 (Windows NT 10.0; Win64; x64; rv:63.0) Gecko/20100101 Firefox/63.0"
::1 - - [12/Nov/2018:10:12:07 +0000] "GET /api/auth/profile HTTP/1.1" 403 45 "http://localhost:8100/" "Mozilla/5.0 (iPhone; CPU iPhone OS 11_0 like Mac OS X) AppleWebKit/604.1.38 (KHTML, like Gecko) Version/11.0 Mobile/15A372 Safari/604.1"
::1 - - [12/Nov/2018:10:12:53 +0000] "GET /api/auth/profile HTTP/1.1" 403 45 "http://localhost:8100/" "Mozilla/5.0 (iPhone; CPU iPhone OS 11_0 like Mac OS X) AppleWebKit/604.1.38 (KHTML, like Gecko) Version/11.0 Mobile/15A372 Safari/604.1"
::ffff:127.0.0.1 - - [12/Nov/2018:10:12:54 +0000] "GET /api/auth/profile HTTP/1.1" 403 45 "http://localhost:8100/" "Mozilla/5.0 (Windows NT 10.0; Win64; x64; rv:63.0) Gecko/20100101 Firefox/63.0"
::1 - - [12/Nov/2018:10:12:55 +0000] "GET /api/auth/profile HTTP/1.1" 403 45 "http://localhost:8100/" "Mozilla/5.0 (iPhone; CPU iPhone OS 11_0 like Mac OS X) AppleWebKit/604.1.38 (KHTML, like Gecko) Version/11.0 Mobile/15A372 Safari/604.1"
::ffff:127.0.0.1 - - [12/Nov/2018:10:13:15 +0000] "GET /api/auth/profile HTTP/1.1" 200 109 "-" "PostmanRuntime/7.3.0"
::1 - - [12/Nov/2018:10:13:24 +0000] "GET /api/auth/profile HTTP/1.1" 403 45 "http://localhost:8100/" "Mozilla/5.0 (iPhone; CPU iPhone OS 11_0 like Mac OS X) AppleWebKit/604.1.38 (KHTML, like Gecko) Version/11.0 Mobile/15A372 Safari/604.1"
::1 - - [12/Nov/2018:10:13:26 +0000] "GET /api/auth/profile HTTP/1.1" 403 45 "http://localhost:8100/" "Mozilla/5.0 (iPhone; CPU iPhone OS 11_0 like Mac OS X) AppleWebKit/604.1.38 (KHTML, like Gecko) Version/11.0 Mobile/15A372 Safari/604.1"
::1 - - [12/Nov/2018:10:13:30 +0000] "GET /api/auth/logout HTTP/1.1" 304 - "http://localhost:8100/" "Mozilla/5.0 (iPhone; CPU iPhone OS 11_0 like Mac OS X) AppleWebKit/604.1.38 (KHTML, like Gecko) Version/11.0 Mobile/15A372 Safari/604.1"
::1 - - [12/Nov/2018:10:13:32 +0000] "GET /api/auth/profile HTTP/1.1" 403 45 "http://localhost:8100/" "Mozilla/5.0 (iPhone; CPU iPhone OS 11_0 like Mac OS X) AppleWebKit/604.1.38 (KHTML, like Gecko) Version/11.0 Mobile/15A372 Safari/604.1"
::1 - - [12/Nov/2018:10:13:42 +0000] "GET /api/auth/profile HTTP/1.1" 403 45 "http://localhost:8100/" "Mozilla/5.0 (iPhone; CPU iPhone OS 11_0 like Mac OS X) AppleWebKit/604.1.38 (KHTML, like Gecko) Version/11.0 Mobile/15A372 Safari/604.1"
::1 - - [12/Nov/2018:10:13:44 +0000] "POST /api/auth/login HTTP/1.1" 200 195 "http://localhost:8100/" "Mozilla/5.0 (iPhone; CPU iPhone OS 11_0 like Mac OS X) AppleWebKit/604.1.38 (KHTML, like Gecko) Version/11.0 Mobile/15A372 Safari/604.1"
::1 - - [12/Nov/2018:10:13:44 +0000] "GET /api/auth/profile HTTP/1.1" 403 45 "http://localhost:8100/" "Mozilla/5.0 (iPhone; CPU iPhone OS 11_0 like Mac OS X) AppleWebKit/604.1.38 (KHTML, like Gecko) Version/11.0 Mobile/15A372 Safari/604.1"
::1 - - [12/Nov/2018:10:13:47 +0000] "GET /api/auth/profile HTTP/1.1" 403 45 "http://localhost:8100/" "Mozilla/5.0 (iPhone; CPU iPhone OS 11_0 like Mac OS X) AppleWebKit/604.1.38 (KHTML, like Gecko) Version/11.0 Mobile/15A372 Safari/604.1"
::1 - - [12/Nov/2018:10:14:19 +0000] "GET /api/auth/profile HTTP/1.1" 403 45 "http://localhost:8100/" "Mozilla/5.0 (iPhone; CPU iPhone OS 11_0 like Mac OS X) AppleWebKit/604.1.38 (KHTML, like Gecko) Version/11.0 Mobile/15A372 Safari/604.1"
::ffff:127.0.0.1 - - [12/Nov/2018:10:14:21 +0000] "GET /api/auth/profile HTTP/1.1" 403 45 "http://localhost:8100/" "Mozilla/5.0 (Windows NT 10.0; Win64; x64; rv:63.0) Gecko/20100101 Firefox/63.0"
::1 - - [12/Nov/2018:10:14:26 +0000] "GET /api/auth/profile HTTP/1.1" 403 45 "http://localhost:8100/" "Mozilla/5.0 (iPhone; CPU iPhone OS 11_0 like Mac OS X) AppleWebKit/604.1.38 (KHTML, like Gecko) Version/11.0 Mobile/15A372 Safari/604.1"
::ffff:127.0.0.1 - - [12/Nov/2018:10:14:28 +0000] "GET /api/auth/profile HTTP/1.1" 403 45 "http://localhost:8100/" "Mozilla/5.0 (Windows NT 10.0; Win64; x64; rv:63.0) Gecko/20100101 Firefox/63.0"
::1 - - [12/Nov/2018:10:14:28 +0000] "GET /api/auth/profile HTTP/1.1" 403 45 "http://localhost:8100/" "Mozilla/5.0 (iPhone; CPU iPhone OS 11_0 like Mac OS X) AppleWebKit/604.1.38 (KHTML, like Gecko) Version/11.0 Mobile/15A372 Safari/604.1"
::ffff:127.0.0.1 - - [12/Nov/2018:10:14:57 +0000] "GET /api/auth/profile HTTP/1.1" 200 109 "-" "PostmanRuntime/7.3.0"
::ffff:127.0.0.1 - - [12/Nov/2018:10:15:22 +0000] "GET /api/auth/profile HTTP/1.1" 200 109 "-" "PostmanRuntime/7.3.0"
::1 - - [12/Nov/2018:10:20:25 +0000] "GET /api/auth/profile HTTP/1.1" 403 45 "http://localhost:8100/" "Mozilla/5.0 (iPhone; CPU iPhone OS 11_0 like Mac OS X) AppleWebKit/604.1.38 (KHTML, like Gecko) Version/11.0 Mobile/15A372 Safari/604.1"
::ffff:127.0.0.1 - - [12/Nov/2018:10:20:26 +0000] "GET /api/auth/profile HTTP/1.1" 403 45 "http://localhost:8100/" "Mozilla/5.0 (Windows NT 10.0; Win64; x64; rv:63.0) Gecko/20100101 Firefox/63.0"
::1 - - [12/Nov/2018:10:20:53 +0000] "GET /api/auth/profile HTTP/1.1" 403 45 "http://localhost:8100/" "Mozilla/5.0 (iPhone; CPU iPhone OS 11_0 like Mac OS X) AppleWebKit/604.1.38 (KHTML, like Gecko) Version/11.0 Mobile/15A372 Safari/604.1"
::1 - - [12/Nov/2018:10:25:52 +0000] "GET /api/auth/profile HTTP/1.1" 403 45 "http://localhost:8100/" "Mozilla/5.0 (iPhone; CPU iPhone OS 11_0 like Mac OS X) AppleWebKit/604.1.38 (KHTML, like Gecko) Version/11.0 Mobile/15A372 Safari/604.1"
::ffff:127.0.0.1 - - [12/Nov/2018:10:25:53 +0000] "GET /api/auth/profile HTTP/1.1" 403 45 "http://localhost:8100/" "Mozilla/5.0 (Windows NT 10.0; Win64; x64; rv:63.0) Gecko/20100101 Firefox/63.0"
::1 - - [12/Nov/2018:10:25:56 +0000] "GET /api/auth/profile HTTP/1.1" 403 45 "http://localhost:8100/" "Mozilla/5.0 (iPhone; CPU iPhone OS 11_0 like Mac OS X) AppleWebKit/604.1.38 (KHTML, like Gecko) Version/11.0 Mobile/15A372 Safari/604.1"
::1 - - [12/Nov/2018:10:27:28 +0000] "GET /api/auth/logout HTTP/1.1" 304 - "http://localhost:8100/" "Mozilla/5.0 (iPhone; CPU iPhone OS 11_0 like Mac OS X) AppleWebKit/604.1.38 (KHTML, like Gecko) Version/11.0 Mobile/15A372 Safari/604.1"
::1 - - [12/Nov/2018:10:27:42 +0000] "POST /api/auth/login HTTP/1.1" 200 195 "http://localhost:8100/" "Mozilla/5.0 (iPhone; CPU iPhone OS 11_0 like Mac OS X) AppleWebKit/604.1.38 (KHTML, like Gecko) Version/11.0 Mobile/15A372 Safari/604.1"
::1 - - [12/Nov/2018:10:44:22 +0000] "GET /api/auth/logout HTTP/1.1" 304 - "http://localhost:8100/" "Mozilla/5.0 (iPhone; CPU iPhone OS 11_0 like Mac OS X) AppleWebKit/604.1.38 (KHTML, like Gecko) Version/11.0 Mobile/15A372 Safari/604.1"
::1 - - [12/Nov/2018:12:27:16 +0000] "GET /api/auth/profile HTTP/1.1" 403 45 "http://localhost:8100/" "Mozilla/5.0 (iPhone; CPU iPhone OS 11_0 like Mac OS X) AppleWebKit/604.1.38 (KHTML, like Gecko) Version/11.0 Mobile/15A372 Safari/604.1"
::1 - - [12/Nov/2018:12:28:04 +0000] "GET /api/auth/profile HTTP/1.1" 403 45 "http://localhost:8100/" "Mozilla/5.0 (iPhone; CPU iPhone OS 11_0 like Mac OS X) AppleWebKit/604.1.38 (KHTML, like Gecko) Version/11.0 Mobile/15A372 Safari/604.1"
::1 - - [12/Nov/2018:12:28:18 +0000] "GET /api/auth/profile HTTP/1.1" 403 45 "http://localhost:8100/" "Mozilla/5.0 (iPhone; CPU iPhone OS 11_0 like Mac OS X) AppleWebKit/604.1.38 (KHTML, like Gecko) Version/11.0 Mobile/15A372 Safari/604.1"
::1 - - [12/Nov/2018:12:28:20 +0000] "POST /api/auth/login HTTP/1.1" 200 195 "http://localhost:8100/" "Mozilla/5.0 (iPhone; CPU iPhone OS 11_0 like Mac OS X) AppleWebKit/604.1.38 (KHTML, like Gecko) Version/11.0 Mobile/15A372 Safari/604.1"
::1 - - [12/Nov/2018:12:28:20 +0000] "GET /api/auth/profile HTTP/1.1" 403 45 "http://localhost:8100/" "Mozilla/5.0 (iPhone; CPU iPhone OS 11_0 like Mac OS X) AppleWebKit/604.1.38 (KHTML, like Gecko) Version/11.0 Mobile/15A372 Safari/604.1"
::1 - - [12/Nov/2018:12:30:17 +0000] "GET /api/auth/profile HTTP/1.1" 403 45 "http://localhost:8100/" "Mozilla/5.0 (iPhone; CPU iPhone OS 11_0 like Mac OS X) AppleWebKit/604.1.38 (KHTML, like Gecko) Version/11.0 Mobile/15A372 Safari/604.1"
::1 - - [12/Nov/2018:12:32:46 +0000] "GET /api/auth/profile HTTP/1.1" 403 45 "http://localhost:8100/" "Mozilla/5.0 (iPhone; CPU iPhone OS 11_0 like Mac OS X) AppleWebKit/604.1.38 (KHTML, like Gecko) Version/11.0 Mobile/15A372 Safari/604.1"
::1 - - [12/Nov/2018:12:32:53 +0000] "GET /api/auth/profile HTTP/1.1" 403 45 "http://localhost:8100/" "Mozilla/5.0 (iPhone; CPU iPhone OS 11_0 like Mac OS X) AppleWebKit/604.1.38 (KHTML, like Gecko) Version/11.0 Mobile/15A372 Safari/604.1"
::1 - - [12/Nov/2018:12:35:05 +0000] "GET /api/auth/profile HTTP/1.1" 403 45 "http://localhost:8100/" "Mozilla/5.0 (iPhone; CPU iPhone OS 11_0 like Mac OS X) AppleWebKit/604.1.38 (KHTML, like Gecko) Version/11.0 Mobile/15A372 Safari/604.1"
::1 - - [12/Nov/2018:12:36:19 +0000] "GET /api/auth/profile HTTP/1.1" 403 45 "http://localhost:8100/" "Mozilla/5.0 (iPhone; CPU iPhone OS 11_0 like Mac OS X) AppleWebKit/604.1.38 (KHTML, like Gecko) Version/11.0 Mobile/15A372 Safari/604.1"
::1 - - [12/Nov/2018:12:51:44 +0000] "GET /api/auth/profile HTTP/1.1" 403 45 "http://localhost:8100/" "Mozilla/5.0 (iPhone; CPU iPhone OS 11_0 like Mac OS X) AppleWebKit/604.1.38 (KHTML, like Gecko) Version/11.0 Mobile/15A372 Safari/604.1"
::1 - - [12/Nov/2018:12:51:47 +0000] "GET /api/auth/profile HTTP/1.1" 403 45 "http://localhost:8100/" "Mozilla/5.0 (iPhone; CPU iPhone OS 11_0 like Mac OS X) AppleWebKit/604.1.38 (KHTML, like Gecko) Version/11.0 Mobile/15A372 Safari/604.1"
::1 - - [12/Nov/2018:12:51:54 +0000] "GET /favorites HTTP/1.1" 200 163 "http://localhost:8100/" "Mozilla/5.0 (iPhone; CPU iPhone OS 11_0 like Mac OS X) AppleWebKit/604.1.38 (KHTML, like Gecko) Version/11.0 Mobile/15A372 Safari/604.1"
::1 - - [12/Nov/2018:12:51:56 +0000] "GET /comments HTTP/1.1" 200 358 "http://localhost:8100/" "Mozilla/5.0 (iPhone; CPU iPhone OS 11_0 like Mac OS X) AppleWebKit/604.1.38 (KHTML, like Gecko) Version/11.0 Mobile/15A372 Safari/604.1"
::1 - - [12/Nov/2018:13:00:40 +0000] "GET /api/auth/profile HTTP/1.1" 403 45 "http://localhost:8100/" "Mozilla/5.0 (iPhone; CPU iPhone OS 11_0 like Mac OS X) AppleWebKit/604.1.38 (KHTML, like Gecko) Version/11.0 Mobile/15A372 Safari/604.1"
::1 - - [12/Nov/2018:13:00:53 +0000] "GET /api/auth/profile HTTP/1.1" 403 45 "http://localhost:8100/" "Mozilla/5.0 (iPhone; CPU iPhone OS 11_0 like Mac OS X) AppleWebKit/604.1.38 (KHTML, like Gecko) Version/11.0 Mobile/15A372 Safari/604.1"
::1 - - [12/Nov/2018:13:02:04 +0000] "GET /api/auth/profile HTTP/1.1" 403 45 "http://localhost:8100/" "Mozilla/5.0 (iPhone; CPU iPhone OS 11_0 like Mac OS X) AppleWebKit/604.1.38 (KHTML, like Gecko) Version/11.0 Mobile/15A372 Safari/604.1"
::1 - - [12/Nov/2018:13:02:09 +0000] "GET /api/auth/profile HTTP/1.1" 403 45 "http://localhost:8100/" "Mozilla/5.0 (iPhone; CPU iPhone OS 11_0 like Mac OS X) AppleWebKit/604.1.38 (KHTML, like Gecko) Version/11.0 Mobile/15A372 Safari/604.1"
::1 - - [12/Nov/2018:13:02:45 +0000] "GET /api/auth/profile HTTP/1.1" 403 45 "http://localhost:8100/" "Mozilla/5.0 (iPhone; CPU iPhone OS 11_0 like Mac OS X) AppleWebKit/604.1.38 (KHTML, like Gecko) Version/11.0 Mobile/15A372 Safari/604.1"
::1 - - [12/Nov/2018:13:02:52 +0000] "GET /api/auth/profile HTTP/1.1" 403 45 "http://localhost:8100/" "Mozilla/5.0 (iPhone; CPU iPhone OS 11_0 like Mac OS X) AppleWebKit/604.1.38 (KHTML, like Gecko) Version/11.0 Mobile/15A372 Safari/604.1"
::1 - - [12/Nov/2018:13:04:47 +0000] "GET /api/auth/profile HTTP/1.1" 403 45 "http://localhost:8100/" "Mozilla/5.0 (iPhone; CPU iPhone OS 11_0 like Mac OS X) AppleWebKit/604.1.38 (KHTML, like Gecko) Version/11.0 Mobile/15A372 Safari/604.1"
::1 - - [12/Nov/2018:13:07:10 +0000] "GET /api/auth/profile HTTP/1.1" 403 45 "http://localhost:8100/" "Mozilla/5.0 (iPhone; CPU iPhone OS 11_0 like Mac OS X) AppleWebKit/604.1.38 (KHTML, like Gecko) Version/11.0 Mobile/15A372 Safari/604.1"
::1 - - [12/Nov/2018:13:07:22 +0000] "GET /api/auth/profile HTTP/1.1" 403 45 "http://localhost:8100/" "Mozilla/5.0 (iPhone; CPU iPhone OS 11_0 like Mac OS X) AppleWebKit/604.1.38 (KHTML, like Gecko) Version/11.0 Mobile/15A372 Safari/604.1"
::ffff:127.0.0.1 - - [12/Nov/2018:13:11:03 +0000] "GET /api/auth/profile HTTP/1.1" 200 109 "-" "PostmanRuntime/7.3.0"
::ffff:127.0.0.1 - - [12/Nov/2018:13:11:23 +0000] "GET /api/auth/profile HTTP/1.1" 403 45 "-" "PostmanRuntime/7.3.0"
::1 - - [12/Nov/2018:13:11:46 +0000] "GET /api/auth/logout HTTP/1.1" 304 - "http://localhost:8100/" "Mozilla/5.0 (iPhone; CPU iPhone OS 11_0 like Mac OS X) AppleWebKit/604.1.38 (KHTML, like Gecko) Version/11.0 Mobile/15A372 Safari/604.1"
::ffff:127.0.0.1 - - [12/Nov/2018:13:11:57 +0000] "GET /api/auth/profile HTTP/1.1" 403 45 "-" "PostmanRuntime/7.3.0"
::ffff:127.0.0.1 - - [12/Nov/2018:13:12:07 +0000] "GET /api/auth/profile HTTP/1.1" 403 45 "-" "PostmanRuntime/7.3.0"
::1 - - [12/Nov/2018:13:12:30 +0000] "POST /api/auth/login HTTP/1.1" 200 195 "http://localhost:8100/" "Mozilla/5.0 (iPhone; CPU iPhone OS 11_0 like Mac OS X) AppleWebKit/604.1.38 (KHTML, like Gecko) Version/11.0 Mobile/15A372 Safari/604.1"
::ffff:127.0.0.1 - - [12/Nov/2018:13:12:38 +0000] "GET /api/auth/profile HTTP/1.1" 403 45 "-" "PostmanRuntime/7.3.0"
::ffff:127.0.0.1 - - [12/Nov/2018:13:12:51 +0000] "GET /api/auth/profile HTTP/1.1" 403 45 "-" "PostmanRuntime/7.3.0"
::ffff:127.0.0.1 - - [12/Nov/2018:13:13:06 +0000] "GET /api/auth/profile HTTP/1.1" 403 45 "-" "PostmanRuntime/7.3.0"
::ffff:127.0.0.1 - - [12/Nov/2018:13:15:38 +0000] "GET /api/auth/profile HTTP/1.1" 200 109 "-" "PostmanRuntime/7.3.0"
::1 - - [12/Nov/2018:13:16:49 +0000] "GET /api/auth/profile HTTP/1.1" 403 45 "http://localhost:8100/" "Mozilla/5.0 (iPhone; CPU iPhone OS 11_0 like Mac OS X) AppleWebKit/604.1.38 (KHTML, like Gecko) Version/11.0 Mobile/15A372 Safari/604.1"
::1 - - [12/Nov/2018:13:17:01 +0000] "GET /api/auth/profile HTTP/1.1" 403 45 "http://localhost:8100/" "Mozilla/5.0 (iPhone; CPU iPhone OS 11_0 like Mac OS X) AppleWebKit/604.1.38 (KHTML, like Gecko) Version/11.0 Mobile/15A372 Safari/604.1"
::1 - - [12/Nov/2018:13:17:08 +0000] "GET /api/auth/profile HTTP/1.1" 403 45 "http://localhost:8100/" "Mozilla/5.0 (iPhone; CPU iPhone OS 11_0 like Mac OS X) AppleWebKit/604.1.38 (KHTML, like Gecko) Version/11.0 Mobile/15A372 Safari/604.1"
::1 - - [12/Nov/2018:13:19:56 +0000] "GET /api/auth/profile HTTP/1.1" 403 45 "http://localhost:8100/" "Mozilla/5.0 (iPhone; CPU iPhone OS 11_0 like Mac OS X) AppleWebKit/604.1.38 (KHTML, like Gecko) Version/11.0 Mobile/15A372 Safari/604.1"
::1 - - [12/Nov/2018:13:20:04 +0000] "GET /api/auth/profile HTTP/1.1" 403 45 "http://localhost:8100/" "Mozilla/5.0 (iPhone; CPU iPhone OS 11_0 like Mac OS X) AppleWebKit/604.1.38 (KHTML, like Gecko) Version/11.0 Mobile/15A372 Safari/604.1"
::1 - - [12/Nov/2018:13:20:21 +0000] "GET /api/auth/profile HTTP/1.1" 403 45 "http://localhost:8100/" "Mozilla/5.0 (iPhone; CPU iPhone OS 11_0 like Mac OS X) AppleWebKit/604.1.38 (KHTML, like Gecko) Version/11.0 Mobile/15A372 Safari/604.1"
::ffff:127.0.0.1 - - [12/Nov/2018:13:21:40 +0000] "GET /api/auth/profile HTTP/1.1" 403 45 "http://localhost:8100/" "Mozilla/5.0 (Windows NT 10.0; Win64; x64; rv:63.0) Gecko/20100101 Firefox/63.0"
::1 - - [12/Nov/2018:13:21:52 +0000] "GET /api/auth/profile HTTP/1.1" 403 45 "http://localhost:8100/" "Mozilla/5.0 (iPhone; CPU iPhone OS 11_0 like Mac OS X) AppleWebKit/604.1.38 (KHTML, like Gecko) Version/11.0 Mobile/15A372 Safari/604.1"
::1 - - [12/Nov/2018:13:21:57 +0000] "GET /api/auth/profile HTTP/1.1" 403 45 "http://localhost:8100/" "Mozilla/5.0 (iPhone; CPU iPhone OS 11_0 like Mac OS X) AppleWebKit/604.1.38 (KHTML, like Gecko) Version/11.0 Mobile/15A372 Safari/604.1"
::1 - - [12/Nov/2018:13:22:07 +0000] "GET /api/auth/profile HTTP/1.1" 403 45 "http://localhost:8100/" "Mozilla/5.0 (iPhone; CPU iPhone OS 11_0 like Mac OS X) AppleWebKit/604.1.38 (KHTML, like Gecko) Version/11.0 Mobile/15A372 Safari/604.1"
::1 - - [12/Nov/2018:13:22:16 +0000] "GET /favorites HTTP/1.1" 304 - "http://localhost:8100/" "Mozilla/5.0 (iPhone; CPU iPhone OS 11_0 like Mac OS X) AppleWebKit/604.1.38 (KHTML, like Gecko) Version/11.0 Mobile/15A372 Safari/604.1"
::1 - - [12/Nov/2018:13:22:19 +0000] "GET /api/auth/logout HTTP/1.1" 304 - "http://localhost:8100/" "Mozilla/5.0 (iPhone; CPU iPhone OS 11_0 like Mac OS X) AppleWebKit/604.1.38 (KHTML, like Gecko) Version/11.0 Mobile/15A372 Safari/604.1"
::1 - - [12/Nov/2018:13:22:21 +0000] "GET /api/auth/profile HTTP/1.1" 403 45 "http://localhost:8100/" "Mozilla/5.0 (iPhone; CPU iPhone OS 11_0 like Mac OS X) AppleWebKit/604.1.38 (KHTML, like Gecko) Version/11.0 Mobile/15A372 Safari/604.1"
::1 - - [12/Nov/2018:13:23:43 +0000] "GET /api/auth/profile HTTP/1.1" 403 45 "http://localhost:8100/" "Mozilla/5.0 (iPhone; CPU iPhone OS 11_0 like Mac OS X) AppleWebKit/604.1.38 (KHTML, like Gecko) Version/11.0 Mobile/15A372 Safari/604.1"
::1 - - [12/Nov/2018:13:23:46 +0000] "POST /api/auth/login HTTP/1.1" 200 195 "http://localhost:8100/" "Mozilla/5.0 (iPhone; CPU iPhone OS 11_0 like Mac OS X) AppleWebKit/604.1.38 (KHTML, like Gecko) Version/11.0 Mobile/15A372 Safari/604.1"
::1 - - [12/Nov/2018:13:24:29 +0000] "GET /api/auth/profile HTTP/1.1" 403 45 "http://localhost:8100/" "Mozilla/5.0 (iPhone; CPU iPhone OS 11_0 like Mac OS X) AppleWebKit/604.1.38 (KHTML, like Gecko) Version/11.0 Mobile/15A372 Safari/604.1"
::1 - - [12/Nov/2018:13:24:45 +0000] "GET /api/auth/profile HTTP/1.1" 403 45 "http://localhost:8100/" "Mozilla/5.0 (iPhone; CPU iPhone OS 11_0 like Mac OS X) AppleWebKit/604.1.38 (KHTML, like Gecko) Version/11.0 Mobile/15A372 Safari/604.1"
::1 - - [12/Nov/2018:13:25:09 +0000] "GET /api/auth/profile HTTP/1.1" 403 45 "http://localhost:8100/" "Mozilla/5.0 (iPhone; CPU iPhone OS 11_0 like Mac OS X) AppleWebKit/604.1.38 (KHTML, like Gecko) Version/11.0 Mobile/15A372 Safari/604.1"
::1 - - [12/Nov/2018:13:25:56 +0000] "GET /api/auth/profile HTTP/1.1" 403 45 "http://localhost:8100/" "Mozilla/5.0 (iPhone; CPU iPhone OS 11_0 like Mac OS X) AppleWebKit/604.1.38 (KHTML, like Gecko) Version/11.0 Mobile/15A372 Safari/604.1"
::1 - - [12/Nov/2018:13:26:21 +0000] "GET /api/auth/profile HTTP/1.1" 403 45 "http://localhost:8100/" "Mozilla/5.0 (iPhone; CPU iPhone OS 11_0 like Mac OS X) AppleWebKit/604.1.38 (KHTML, like Gecko) Version/11.0 Mobile/15A372 Safari/604.1"
::1 - - [12/Nov/2018:13:27:05 +0000] "GET /api/auth/profile HTTP/1.1" 403 45 "http://localhost:8100/" "Mozilla/5.0 (iPhone; CPU iPhone OS 11_0 like Mac OS X) AppleWebKit/604.1.38 (KHTML, like Gecko) Version/11.0 Mobile/15A372 Safari/604.1"
::1 - - [12/Nov/2018:13:27:13 +0000] "GET /api/auth/profile HTTP/1.1" 403 45 "http://localhost:8100/" "Mozilla/5.0 (iPhone; CPU iPhone OS 11_0 like Mac OS X) AppleWebKit/604.1.38 (KHTML, like Gecko) Version/11.0 Mobile/15A372 Safari/604.1"
::1 - - [12/Nov/2018:13:27:27 +0000] "GET /api/auth/profile HTTP/1.1" 403 45 "http://localhost:8100/" "Mozilla/5.0 (iPhone; CPU iPhone OS 11_0 like Mac OS X) AppleWebKit/604.1.38 (KHTML, like Gecko) Version/11.0 Mobile/15A372 Safari/604.1"
::1 - - [12/Nov/2018:13:28:41 +0000] "GET /api/auth/profile HTTP/1.1" 403 45 "http://localhost:8100/" "Mozilla/5.0 (iPhone; CPU iPhone OS 11_0 like Mac OS X) AppleWebKit/604.1.38 (KHTML, like Gecko) Version/11.0 Mobile/15A372 Safari/604.1"
::1 - - [12/Nov/2018:13:32:07 +0000] "GET /api/auth/profile HTTP/1.1" 403 45 "http://localhost:8100/" "Mozilla/5.0 (iPhone; CPU iPhone OS 11_0 like Mac OS X) AppleWebKit/604.1.38 (KHTML, like Gecko) Version/11.0 Mobile/15A372 Safari/604.1"
::1 - - [12/Nov/2018:13:42:28 +0000] "GET /api/auth/logout HTTP/1.1" 304 - "http://localhost:8100/" "Mozilla/5.0 (iPhone; CPU iPhone OS 11_0 like Mac OS X) AppleWebKit/604.1.38 (KHTML, like Gecko) Version/11.0 Mobile/15A372 Safari/604.1"
::1 - - [12/Nov/2018:13:42:41 +0000] "POST /api/auth/login HTTP/1.1" 200 195 "http://localhost:8100/" "Mozilla/5.0 (iPhone; CPU iPhone OS 11_0 like Mac OS X) AppleWebKit/604.1.38 (KHTML, like Gecko) Version/11.0 Mobile/15A372 Safari/604.1"
::1 - - [12/Nov/2018:13:46:50 +0000] "GET /api/auth/profile HTTP/1.1" 200 109 "http://localhost:8100/" "Mozilla/5.0 (iPhone; CPU iPhone OS 11_0 like Mac OS X) AppleWebKit/604.1.38 (KHTML, like Gecko) Version/11.0 Mobile/15A372 Safari/604.1"
::1 - - [12/Nov/2018:13:47:42 +0000] "GET /api/auth/profile HTTP/1.1" 304 - "http://localhost:8100/" "Mozilla/5.0 (iPhone; CPU iPhone OS 11_0 like Mac OS X) AppleWebKit/604.1.38 (KHTML, like Gecko) Version/11.0 Mobile/15A372 Safari/604.1"
::1 - - [12/Nov/2018:14:34:21 +0000] "GET /api/auth/profile HTTP/1.1" 304 - "http://localhost:8100/" "Mozilla/5.0 (iPhone; CPU iPhone OS 11_0 like Mac OS X) AppleWebKit/604.1.38 (KHTML, like Gecko) Version/11.0 Mobile/15A372 Safari/604.1"
::1 - - [12/Nov/2018:14:37:32 +0000] "GET /api/auth/profile HTTP/1.1" 304 - "http://localhost:8100/" "Mozilla/5.0 (iPhone; CPU iPhone OS 11_0 like Mac OS X) AppleWebKit/604.1.38 (KHTML, like Gecko) Version/11.0 Mobile/15A372 Safari/604.1"
::1 - - [12/Nov/2018:14:48:41 +0000] "GET /api/auth/profile HTTP/1.1" 403 45 "http://localhost:8100/" "Mozilla/5.0 (iPhone; CPU iPhone OS 11_0 like Mac OS X) AppleWebKit/604.1.38 (KHTML, like Gecko) Version/11.0 Mobile/15A372 Safari/604.1"
::ffff:127.0.0.1 - - [12/Nov/2018:14:49:20 +0000] "GET /api/auth/profile HTTP/1.1" 200 109 "http://localhost:8100/" "Mozilla/5.0 (Windows NT 10.0; Win64; x64; rv:63.0) Gecko/20100101 Firefox/63.0"
::ffff:127.0.0.1 - - [12/Nov/2018:14:49:40 +0000] "GET /api/auth/profile HTTP/1.1" 200 109 "http://localhost:8100/" "Mozilla/5.0 (Windows NT 10.0; Win64; x64; rv:63.0) Gecko/20100101 Firefox/63.0"
::ffff:127.0.0.1 - - [12/Nov/2018:15:18:59 +0000] "GET /api/auth/profile HTTP/1.1" 304 - "http://localhost:8100/" "Mozilla/5.0 (Windows NT 10.0; Win64; x64; rv:63.0) Gecko/20100101 Firefox/63.0"
::1 - - [12/Nov/2018:15:30:07 +0000] "GET /api/auth/profile HTTP/1.1" 200 109 "http://localhost:8100/" "Mozilla/5.0 (iPhone; CPU iPhone OS 11_0 like Mac OS X) AppleWebKit/604.1.38 (KHTML, like Gecko) Version/11.0 Mobile/15A372 Safari/604.1"
::1 - - [12/Nov/2018:15:30:40 +0000] "GET /api/auth/profile HTTP/1.1" 304 - "http://localhost:8100/" "Mozilla/5.0 (iPhone; CPU iPhone OS 11_0 like Mac OS X) AppleWebKit/604.1.38 (KHTML, like Gecko) Version/11.0 Mobile/15A372 Safari/604.1"
::1 - - [12/Nov/2018:15:51:15 +0000] "GET /api/auth/profile HTTP/1.1" 304 - "http://localhost:8100/" "Mozilla/5.0 (iPhone; CPU iPhone OS 11_0 like Mac OS X) AppleWebKit/604.1.38 (KHTML, like Gecko) Version/11.0 Mobile/15A372 Safari/604.1"
::1 - - [12/Nov/2018:15:51:26 +0000] "GET /api/auth/profile HTTP/1.1" 304 - "http://localhost:8100/" "Mozilla/5.0 (iPhone; CPU iPhone OS 11_0 like Mac OS X) AppleWebKit/604.1.38 (KHTML, like Gecko) Version/11.0 Mobile/15A372 Safari/604.1"
::1 - - [13/Nov/2018:07:51:32 +0000] "GET /api/auth/profile HTTP/1.1" 304 - "http://localhost:8100/" "Mozilla/5.0 (Windows NT 10.0; Win64; x64) AppleWebKit/537.36 (KHTML, like Gecko) Chrome/70.0.3538.77 Safari/537.36"
::1 - - [13/Nov/2018:07:51:36 +0000] "GET /socket.io/?EIO=3&transport=polling&t=MSC3UOo HTTP/1.1" 404 65 "http://localhost:8100/" "Mozilla/5.0 (iPhone; CPU iPhone OS 11_0 like Mac OS X) AppleWebKit/604.1.38 (KHTML, like Gecko) Version/11.0 Mobile/15A372 Safari/604.1"
::1 - - [13/Nov/2018:07:51:37 +0000] "GET /socket.io/?EIO=3&transport=polling&t=MSC3UgK HTTP/1.1" 404 65 "http://localhost:8100/" "Mozilla/5.0 (iPhone; CPU iPhone OS 11_0 like Mac OS X) AppleWebKit/604.1.38 (KHTML, like Gecko) Version/11.0 Mobile/15A372 Safari/604.1"
::1 - - [13/Nov/2018:07:51:39 +0000] "GET /socket.io/?EIO=3&transport=polling&t=MSC3V94 HTTP/1.1" 404 65 "http://localhost:8100/" "Mozilla/5.0 (iPhone; CPU iPhone OS 11_0 like Mac OS X) AppleWebKit/604.1.38 (KHTML, like Gecko) Version/11.0 Mobile/15A372 Safari/604.1"
::1 - - [13/Nov/2018:07:51:44 +0000] "GET /socket.io/?EIO=3&transport=polling&t=MSC3WBH HTTP/1.1" 404 65 "http://localhost:8100/" "Mozilla/5.0 (iPhone; CPU iPhone OS 11_0 like Mac OS X) AppleWebKit/604.1.38 (KHTML, like Gecko) Version/11.0 Mobile/15A372 Safari/604.1"
::1 - - [13/Nov/2018:07:51:49 +0000] "GET /socket.io/?EIO=3&transport=polling&t=MSC3XPb HTTP/1.1" 404 65 "http://localhost:8100/" "Mozilla/5.0 (iPhone; CPU iPhone OS 11_0 like Mac OS X) AppleWebKit/604.1.38 (KHTML, like Gecko) Version/11.0 Mobile/15A372 Safari/604.1"
::1 - - [13/Nov/2018:07:51:54 +0000] "GET /socket.io/?EIO=3&transport=polling&t=MSC3Ydx HTTP/1.1" 404 65 "http://localhost:8100/" "Mozilla/5.0 (iPhone; CPU iPhone OS 11_0 like Mac OS X) AppleWebKit/604.1.38 (KHTML, like Gecko) Version/11.0 Mobile/15A372 Safari/604.1"
::1 - - [13/Nov/2018:07:51:59 +0000] "GET /socket.io/?EIO=3&transport=polling&t=MSC3ZsF HTTP/1.1" 404 65 "http://localhost:8100/" "Mozilla/5.0 (iPhone; CPU iPhone OS 11_0 like Mac OS X) AppleWebKit/604.1.38 (KHTML, like Gecko) Version/11.0 Mobile/15A372 Safari/604.1"
::1 - - [13/Nov/2018:07:52:04 +0000] "GET /socket.io/?EIO=3&transport=polling&t=MSC3b4X HTTP/1.1" 404 65 "http://localhost:8100/" "Mozilla/5.0 (iPhone; CPU iPhone OS 11_0 like Mac OS X) AppleWebKit/604.1.38 (KHTML, like Gecko) Version/11.0 Mobile/15A372 Safari/604.1"
::1 - - [13/Nov/2018:07:52:09 +0000] "GET /socket.io/?EIO=3&transport=polling&t=MSC3cIr HTTP/1.1" 404 65 "http://localhost:8100/" "Mozilla/5.0 (iPhone; CPU iPhone OS 11_0 like Mac OS X) AppleWebKit/604.1.38 (KHTML, like Gecko) Version/11.0 Mobile/15A372 Safari/604.1"
::1 - - [13/Nov/2018:07:52:14 +0000] "GET /socket.io/?EIO=3&transport=polling&t=MSC3dXB HTTP/1.1" 404 65 "http://localhost:8100/" "Mozilla/5.0 (iPhone; CPU iPhone OS 11_0 like Mac OS X) AppleWebKit/604.1.38 (KHTML, like Gecko) Version/11.0 Mobile/15A372 Safari/604.1"
::1 - - [13/Nov/2018:07:52:19 +0000] "GET /socket.io/?EIO=3&transport=polling&t=MSC3elV HTTP/1.1" 404 65 "http://localhost:8100/" "Mozilla/5.0 (iPhone; CPU iPhone OS 11_0 like Mac OS X) AppleWebKit/604.1.38 (KHTML, like Gecko) Version/11.0 Mobile/15A372 Safari/604.1"
::1 - - [13/Nov/2018:07:52:24 +0000] "GET /socket.io/?EIO=3&transport=polling&t=MSC3fzu HTTP/1.1" 404 65 "http://localhost:8100/" "Mozilla/5.0 (iPhone; CPU iPhone OS 11_0 like Mac OS X) AppleWebKit/604.1.38 (KHTML, like Gecko) Version/11.0 Mobile/15A372 Safari/604.1"
::1 - - [13/Nov/2018:07:52:29 +0000] "GET /socket.io/?EIO=3&transport=polling&t=MSC3hCD HTTP/1.1" 404 65 "http://localhost:8100/" "Mozilla/5.0 (iPhone; CPU iPhone OS 11_0 like Mac OS X) AppleWebKit/604.1.38 (KHTML, like Gecko) Version/11.0 Mobile/15A372 Safari/604.1"
::1 - - [13/Nov/2018:07:52:34 +0000] "GET /socket.io/?EIO=3&transport=polling&t=MSC3iQa HTTP/1.1" 404 65 "http://localhost:8100/" "Mozilla/5.0 (iPhone; CPU iPhone OS 11_0 like Mac OS X) AppleWebKit/604.1.38 (KHTML, like Gecko) Version/11.0 Mobile/15A372 Safari/604.1"
::1 - - [13/Nov/2018:07:52:39 +0000] "GET /socket.io/?EIO=3&transport=polling&t=MSC3jex HTTP/1.1" 404 65 "http://localhost:8100/" "Mozilla/5.0 (iPhone; CPU iPhone OS 11_0 like Mac OS X) AppleWebKit/604.1.38 (KHTML, like Gecko) Version/11.0 Mobile/15A372 Safari/604.1"
::1 - - [13/Nov/2018:07:52:44 +0000] "GET /socket.io/?EIO=3&transport=polling&t=MSC3ktH HTTP/1.1" 404 65 "http://localhost:8100/" "Mozilla/5.0 (iPhone; CPU iPhone OS 11_0 like Mac OS X) AppleWebKit/604.1.38 (KHTML, like Gecko) Version/11.0 Mobile/15A372 Safari/604.1"
::1 - - [13/Nov/2018:07:52:49 +0000] "GET /socket.io/?EIO=3&transport=polling&t=MSC3m5b HTTP/1.1" 404 65 "http://localhost:8100/" "Mozilla/5.0 (iPhone; CPU iPhone OS 11_0 like Mac OS X) AppleWebKit/604.1.38 (KHTML, like Gecko) Version/11.0 Mobile/15A372 Safari/604.1"
::1 - - [13/Nov/2018:07:52:54 +0000] "GET /socket.io/?EIO=3&transport=polling&t=MSC3nJu HTTP/1.1" 404 65 "http://localhost:8100/" "Mozilla/5.0 (iPhone; CPU iPhone OS 11_0 like Mac OS X) AppleWebKit/604.1.38 (KHTML, like Gecko) Version/11.0 Mobile/15A372 Safari/604.1"
::1 - - [13/Nov/2018:07:52:59 +0000] "GET /socket.io/?EIO=3&transport=polling&t=MSC3oYE HTTP/1.1" 404 65 "http://localhost:8100/" "Mozilla/5.0 (iPhone; CPU iPhone OS 11_0 like Mac OS X) AppleWebKit/604.1.38 (KHTML, like Gecko) Version/11.0 Mobile/15A372 Safari/604.1"
::1 - - [13/Nov/2018:07:53:04 +0000] "GET /socket.io/?EIO=3&transport=polling&t=MSC3pmX HTTP/1.1" 404 65 "http://localhost:8100/" "Mozilla/5.0 (iPhone; CPU iPhone OS 11_0 like Mac OS X) AppleWebKit/604.1.38 (KHTML, like Gecko) Version/11.0 Mobile/15A372 Safari/604.1"
::1 - - [13/Nov/2018:07:53:09 +0000] "GET /socket.io/?EIO=3&transport=polling&t=MSC3q-r HTTP/1.1" 404 65 "http://localhost:8100/" "Mozilla/5.0 (iPhone; CPU iPhone OS 11_0 like Mac OS X) AppleWebKit/604.1.38 (KHTML, like Gecko) Version/11.0 Mobile/15A372 Safari/604.1"
::1 - - [13/Nov/2018:07:53:12 +0000] "GET /api/auth/profile HTTP/1.1" 304 - "http://localhost:8100/" "Mozilla/5.0 (iPhone; CPU iPhone OS 11_0 like Mac OS X) AppleWebKit/604.1.38 (KHTML, like Gecko) Version/11.0 Mobile/15A372 Safari/604.1"
::1 - - [13/Nov/2018:07:53:23 +0000] "GET /socket.io/?EIO=3&transport=polling&t=MSC3uUC HTTP/1.1" 404 65 "http://localhost:8100/" "Mozilla/5.0 (iPhone; CPU iPhone OS 11_0 like Mac OS X) AppleWebKit/604.1.38 (KHTML, like Gecko) Version/11.0 Mobile/15A372 Safari/604.1"
::1 - - [13/Nov/2018:07:53:23 +0000] "GET /socket.io/?EIO=3&transport=polling&t=MSC3uUs HTTP/1.1" 404 65 "http://localhost:8100/" "Mozilla/5.0 (iPhone; CPU iPhone OS 11_0 like Mac OS X) AppleWebKit/604.1.38 (KHTML, like Gecko) Version/11.0 Mobile/15A372 Safari/604.1"
::1 - - [13/Nov/2018:07:53:45 +0000] "GET /api/auth/profile HTTP/1.1" 304 - "http://localhost:8100/" "Mozilla/5.0 (iPhone; CPU iPhone OS 11_0 like Mac OS X) AppleWebKit/604.1.38 (KHTML, like Gecko) Version/11.0 Mobile/15A372 Safari/604.1"
::1 - - [13/Nov/2018:07:54:13 +0000] "GET /api/auth/profile HTTP/1.1" 304 - "http://localhost:8100/" "Mozilla/5.0 (iPhone; CPU iPhone OS 11_0 like Mac OS X) AppleWebKit/604.1.38 (KHTML, like Gecko) Version/11.0 Mobile/15A372 Safari/604.1"
::1 - - [13/Nov/2018:07:55:14 +0000] "GET /socket.io/?EIO=3&transport=polling&t=MSC4Jeb HTTP/1.1" 404 65 "http://localhost:8100/" "Mozilla/5.0 (iPhone; CPU iPhone OS 11_0 like Mac OS X) AppleWebKit/604.1.38 (KHTML, like Gecko) Version/11.0 Mobile/15A372 Safari/604.1"
::1 - - [13/Nov/2018:07:55:14 +0000] "GET /socket.io/?EIO=3&transport=polling&t=MSC4JfM HTTP/1.1" 404 65 "http://localhost:8100/" "Mozilla/5.0 (iPhone; CPU iPhone OS 11_0 like Mac OS X) AppleWebKit/604.1.38 (KHTML, like Gecko) Version/11.0 Mobile/15A372 Safari/604.1"
::1 - - [13/Nov/2018:08:13:48 +0000] "GET /api/auth/logout HTTP/1.1" 304 - "http://localhost:8100/" "Mozilla/5.0 (iPhone; CPU iPhone OS 11_0 like Mac OS X) AppleWebKit/604.1.38 (KHTML, like Gecko) Version/11.0 Mobile/15A372 Safari/604.1"
::1 - - [13/Nov/2018:08:13:49 +0000] "GET /api/auth/profile HTTP/1.1" - - "http://localhost:8100/" "Mozilla/5.0 (iPhone; CPU iPhone OS 11_0 like Mac OS X) AppleWebKit/604.1.38 (KHTML, like Gecko) Version/11.0 Mobile/15A372 Safari/604.1"
::1 - - [13/Nov/2018:08:15:14 +0000] "GET /api/auth/profile HTTP/1.1" - - "http://localhost:8100/" "Mozilla/5.0 (Linux; Android 6.0; Nexus 5 Build/MRA58N) AppleWebKit/537.36 (KHTML, like Gecko) Chrome/70.0.3538.77 Mobile Safari/537.36"
::ffff:127.0.0.1 - - [13/Nov/2018:08:17:11 +0000] "POST /api/auth/login HTTP/1.1" - - "-" "PostmanRuntime/7.4.0"
::ffff:127.0.0.1 - - [13/Nov/2018:08:17:21 +0000] "POST /api/auth/login HTTP/1.1" 200 195 "http://localhost:8100/" "Mozilla/5.0 (iPhone; CPU iPhone OS 11_0 like Mac OS X) AppleWebKit/604.1.38 (KHTML, like Gecko) Version/11.0 Mobile/15A372 Safari/604.1"
::ffff:127.0.0.1 - - [13/Nov/2018:08:17:28 +0000] "POST /api/auth/login HTTP/1.1" 200 195 "-" "PostmanRuntime/7.4.0"
::1 - - [13/Nov/2018:08:17:41 +0000] "GET /api/auth/profile HTTP/1.1" 200 109 "http://localhost:8100/" "Mozilla/5.0 (iPhone; CPU iPhone OS 11_0 like Mac OS X) AppleWebKit/604.1.38 (KHTML, like Gecko) Version/11.0 Mobile/15A372 Safari/604.1"
::1 - - [13/Nov/2018:08:17:47 +0000] "GET /api/auth/profile HTTP/1.1" 304 - "http://localhost:8100/" "Mozilla/5.0 (iPhone; CPU iPhone OS 11_0 like Mac OS X) AppleWebKit/604.1.38 (KHTML, like Gecko) Version/11.0 Mobile/15A372 Safari/604.1"
::1 - - [13/Nov/2018:08:17:52 +0000] "GET /socket.io/?EIO=3&transport=polling&t=MSC9VBM HTTP/1.1" 404 65 "http://localhost:8100/" "Mozilla/5.0 (iPhone; CPU iPhone OS 11_0 like Mac OS X) AppleWebKit/604.1.38 (KHTML, like Gecko) Version/11.0 Mobile/15A372 Safari/604.1"
::1 - - [13/Nov/2018:08:17:52 +0000] "GET /socket.io/?EIO=3&transport=polling&t=MSC9VC8 HTTP/1.1" 404 65 "http://localhost:8100/" "Mozilla/5.0 (iPhone; CPU iPhone OS 11_0 like Mac OS X) AppleWebKit/604.1.38 (KHTML, like Gecko) Version/11.0 Mobile/15A372 Safari/604.1"
::1 - - [13/Nov/2018:08:19:57 +0000] "OPTIONS /api/auth/profile HTTP/1.1" 200 8 "-" "Mozilla/5.0 (iPhone; CPU iPhone OS 11_0 like Mac OS X) AppleWebKit/604.1.38 (KHTML, like Gecko) Version/11.0 Mobile/15A372 Safari/604.1"
::1 - - [13/Nov/2018:08:20:05 +0000] "OPTIONS /api/auth/profile HTTP/1.1" 200 8 "-" "Mozilla/5.0 (iPhone; CPU iPhone OS 11_0 like Mac OS X) AppleWebKit/604.1.38 (KHTML, like Gecko) Version/11.0 Mobile/15A372 Safari/604.1"
::1 - - [13/Nov/2018:08:20:10 +0000] "OPTIONS /api/auth/profile HTTP/1.1" 200 8 "-" "Mozilla/5.0 (iPhone; CPU iPhone OS 11_0 like Mac OS X) AppleWebKit/604.1.38 (KHTML, like Gecko) Version/11.0 Mobile/15A372 Safari/604.1"
::1 - - [13/Nov/2018:08:20:16 +0000] "GET /api/auth/logout HTTP/1.1" 304 - "http://localhost:8100/" "Mozilla/5.0 (iPhone; CPU iPhone OS 11_0 like Mac OS X) AppleWebKit/604.1.38 (KHTML, like Gecko) Version/11.0 Mobile/15A372 Safari/604.1"
::1 - - [13/Nov/2018:08:20:31 +0000] "OPTIONS /api/auth/login HTTP/1.1" 200 4 "-" "Mozilla/5.0 (iPhone; CPU iPhone OS 11_0 like Mac OS X) AppleWebKit/604.1.38 (KHTML, like Gecko) Version/11.0 Mobile/15A372 Safari/604.1"
::1 - - [13/Nov/2018:08:20:38 +0000] "POST /api/auth/login HTTP/1.1" - - "http://localhost:8100/" "Mozilla/5.0 (iPhone; CPU iPhone OS 11_0 like Mac OS X) AppleWebKit/604.1.38 (KHTML, like Gecko) Version/11.0 Mobile/15A372 Safari/604.1"
::ffff:127.0.0.1 - - [13/Nov/2018:08:23:02 +0000] "POST /api/auth/login HTTP/1.1" - - "-" "PostmanRuntime/7.4.0"
::1 - - [13/Nov/2018:08:25:34 +0000] "OPTIONS /api/auth/profile HTTP/1.1" 200 8 "-" "Mozilla/5.0 (Windows NT 10.0; Win64; x64) AppleWebKit/537.36 (KHTML, like Gecko) Chrome/70.0.3538.77 Safari/537.36"
::1 - - [13/Nov/2018:08:25:42 +0000] "OPTIONS /api/auth/profile HTTP/1.1" 200 8 "-" "Mozilla/5.0 (Windows NT 10.0; Win64; x64) AppleWebKit/537.36 (KHTML, like Gecko) Chrome/70.0.3538.77 Safari/537.36"
::1 - - [13/Nov/2018:08:25:44 +0000] "GET /api/auth/logout HTTP/1.1" 304 - "http://localhost:8100/" "Mozilla/5.0 (Windows NT 10.0; Win64; x64) AppleWebKit/537.36 (KHTML, like Gecko) Chrome/70.0.3538.77 Safari/537.36"
::1 - - [13/Nov/2018:08:25:58 +0000] "OPTIONS /api/auth/login HTTP/1.1" 200 4 "-" "Mozilla/5.0 (Windows NT 10.0; Win64; x64) AppleWebKit/537.36 (KHTML, like Gecko) Chrome/70.0.3538.77 Safari/537.36"
::1 - - [13/Nov/2018:08:26:00 +0000] "POST /api/auth/login HTTP/1.1" 200 195 "http://localhost:8100/" "Mozilla/5.0 (Windows NT 10.0; Win64; x64) AppleWebKit/537.36 (KHTML, like Gecko) Chrome/70.0.3538.77 Safari/537.36"
::1 - - [13/Nov/2018:08:26:02 +0000] "OPTIONS /api/auth/profile HTTP/1.1" 200 8 "-" "Mozilla/5.0 (Windows NT 10.0; Win64; x64) AppleWebKit/537.36 (KHTML, like Gecko) Chrome/70.0.3538.77 Safari/537.36"
::1 - - [13/Nov/2018:08:26:04 +0000] "OPTIONS /api/auth/profile HTTP/1.1" 200 8 "-" "Mozilla/5.0 (Windows NT 10.0; Win64; x64) AppleWebKit/537.36 (KHTML, like Gecko) Chrome/70.0.3538.77 Safari/537.36"
::1 - - [13/Nov/2018:08:26:08 +0000] "OPTIONS /api/auth/profile HTTP/1.1" 200 8 "-" "Mozilla/5.0 (Windows NT 10.0; Win64; x64) AppleWebKit/537.36 (KHTML, like Gecko) Chrome/70.0.3538.77 Safari/537.36"
::1 - - [13/Nov/2018:08:26:10 +0000] "GET /socket.io/?EIO=3&transport=polling&t=MSCBOdK HTTP/1.1" 404 65 "http://localhost:8100/" "Mozilla/5.0 (Windows NT 10.0; Win64; x64) AppleWebKit/537.36 (KHTML, like Gecko) Chrome/70.0.3538.77 Safari/537.36"
::1 - - [13/Nov/2018:08:26:10 +0000] "GET /socket.io/?EIO=3&transport=polling&t=MSCBOdp HTTP/1.1" 404 65 "http://localhost:8100/" "Mozilla/5.0 (Windows NT 10.0; Win64; x64) AppleWebKit/537.36 (KHTML, like Gecko) Chrome/70.0.3538.77 Safari/537.36"
::1 - - [13/Nov/2018:08:27:00 +0000] "OPTIONS /api/auth/profile HTTP/1.1" 200 8 "-" "Mozilla/5.0 (Windows NT 10.0; Win64; x64) AppleWebKit/537.36 (KHTML, like Gecko) Chrome/70.0.3538.77 Safari/537.36"
::1 - - [13/Nov/2018:08:27:00 +0000] "GET /api/auth/profile HTTP/1.1" 304 - "http://localhost:8100/" "Mozilla/5.0 (Windows NT 10.0; Win64; x64) AppleWebKit/537.36 (KHTML, like Gecko) Chrome/70.0.3538.77 Safari/537.36"
::1 - - [13/Nov/2018:08:27:05 +0000] "OPTIONS /api/auth/profile HTTP/1.1" 200 8 "-" "Mozilla/5.0 (Windows NT 10.0; Win64; x64) AppleWebKit/537.36 (KHTML, like Gecko) Chrome/70.0.3538.77 Safari/537.36"
::1 - - [13/Nov/2018:08:27:05 +0000] "GET /api/auth/profile HTTP/1.1" 304 - "http://localhost:8100/" "Mozilla/5.0 (Windows NT 10.0; Win64; x64) AppleWebKit/537.36 (KHTML, like Gecko) Chrome/70.0.3538.77 Safari/537.36"
::1 - - [13/Nov/2018:08:27:08 +0000] "GET /socket.io/?EIO=3&transport=polling&t=MSCBckZ HTTP/1.1" 404 65 "http://localhost:8100/" "Mozilla/5.0 (Windows NT 10.0; Win64; x64) AppleWebKit/537.36 (KHTML, like Gecko) Chrome/70.0.3538.77 Safari/537.36"
::1 - - [13/Nov/2018:08:27:08 +0000] "GET /socket.io/?EIO=3&transport=polling&t=MSCBcl3 HTTP/1.1" 404 65 "http://localhost:8100/" "Mozilla/5.0 (Windows NT 10.0; Win64; x64) AppleWebKit/537.36 (KHTML, like Gecko) Chrome/70.0.3538.77 Safari/537.36"
::1 - - [13/Nov/2018:08:31:50 +0000] "OPTIONS /api/auth/profile HTTP/1.1" 200 8 "-" "Mozilla/5.0 (Windows NT 10.0; Win64; x64) AppleWebKit/537.36 (KHTML, like Gecko) Chrome/70.0.3538.77 Safari/537.36"
::1 - - [13/Nov/2018:08:31:50 +0000] "GET /api/auth/profile HTTP/1.1" 304 - "http://localhost:8100/" "Mozilla/5.0 (Windows NT 10.0; Win64; x64) AppleWebKit/537.36 (KHTML, like Gecko) Chrome/70.0.3538.77 Safari/537.36"
::1 - - [13/Nov/2018:08:31:53 +0000] "GET /socket.io/?EIO=3&transport=polling&t=MSCCiVl HTTP/1.1" 404 65 "http://localhost:8100/" "Mozilla/5.0 (Windows NT 10.0; Win64; x64) AppleWebKit/537.36 (KHTML, like Gecko) Chrome/70.0.3538.77 Safari/537.36"
::1 - - [13/Nov/2018:08:31:53 +0000] "GET /socket.io/?EIO=3&transport=polling&t=MSCCiWg HTTP/1.1" 404 65 "http://localhost:8100/" "Mozilla/5.0 (Windows NT 10.0; Win64; x64) AppleWebKit/537.36 (KHTML, like Gecko) Chrome/70.0.3538.77 Safari/537.36"
::1 - - [13/Nov/2018:08:32:56 +0000] "OPTIONS /api/auth/profile HTTP/1.1" 200 8 "-" "Mozilla/5.0 (Windows NT 10.0; Win64; x64) AppleWebKit/537.36 (KHTML, like Gecko) Chrome/70.0.3538.77 Safari/537.36"
::1 - - [13/Nov/2018:08:33:01 +0000] "GET /api/auth/profile HTTP/1.1" 304 - "http://localhost:8100/" "Mozilla/5.0 (Windows NT 10.0; Win64; x64) AppleWebKit/537.36 (KHTML, like Gecko) Chrome/70.0.3538.77 Safari/537.36"
::1 - - [13/Nov/2018:08:33:01 +0000] "GET /api/auth/profile HTTP/1.1" 304 - "http://localhost:8100/" "Mozilla/5.0 (Windows NT 10.0; Win64; x64) AppleWebKit/537.36 (KHTML, like Gecko) Chrome/70.0.3538.77 Safari/537.36"
::1 - - [13/Nov/2018:08:33:01 +0000] "GET /api/auth/logout HTTP/1.1" 304 - "http://localhost:8100/" "Mozilla/5.0 (Windows NT 10.0; Win64; x64) AppleWebKit/537.36 (KHTML, like Gecko) Chrome/70.0.3538.77 Safari/537.36"
::1 - - [13/Nov/2018:08:33:53 +0000] "OPTIONS /api/auth/login HTTP/1.1" 200 4 "-" "Mozilla/5.0 (Windows NT 10.0; Win64; x64) AppleWebKit/537.36 (KHTML, like Gecko) Chrome/70.0.3538.77 Safari/537.36"
::1 - - [13/Nov/2018:08:33:55 +0000] "POST /api/auth/login HTTP/1.1" 200 195 "http://localhost:8100/" "Mozilla/5.0 (Windows NT 10.0; Win64; x64) AppleWebKit/537.36 (KHTML, like Gecko) Chrome/70.0.3538.77 Safari/537.36"
::1 - - [13/Nov/2018:08:33:56 +0000] "OPTIONS /api/auth/profile HTTP/1.1" 200 8 "-" "Mozilla/5.0 (Windows NT 10.0; Win64; x64) AppleWebKit/537.36 (KHTML, like Gecko) Chrome/70.0.3538.77 Safari/537.36"
::1 - - [13/Nov/2018:08:33:56 +0000] "GET /api/auth/profile HTTP/1.1" 304 - "http://localhost:8100/" "Mozilla/5.0 (Windows NT 10.0; Win64; x64) AppleWebKit/537.36 (KHTML, like Gecko) Chrome/70.0.3538.77 Safari/537.36"
::1 - - [13/Nov/2018:08:33:59 +0000] "GET /api/auth/profile HTTP/1.1" 304 - "http://localhost:8100/" "Mozilla/5.0 (Windows NT 10.0; Win64; x64) AppleWebKit/537.36 (KHTML, like Gecko) Chrome/70.0.3538.77 Safari/537.36"
::1 - - [13/Nov/2018:08:34:02 +0000] "GET /socket.io/?EIO=3&transport=polling&t=MSCDBpg HTTP/1.1" 404 65 "http://localhost:8100/" "Mozilla/5.0 (Windows NT 10.0; Win64; x64) AppleWebKit/537.36 (KHTML, like Gecko) Chrome/70.0.3538.77 Safari/537.36"
::1 - - [13/Nov/2018:08:34:02 +0000] "GET /socket.io/?EIO=3&transport=polling&t=MSCDBqL HTTP/1.1" 404 65 "http://localhost:8100/" "Mozilla/5.0 (Windows NT 10.0; Win64; x64) AppleWebKit/537.36 (KHTML, like Gecko) Chrome/70.0.3538.77 Safari/537.36"
::1 - - [13/Nov/2018:08:45:22 +0000] "OPTIONS /api/auth/profile HTTP/1.1" 200 8 "-" "Mozilla/5.0 (Windows NT 10.0; Win64; x64) AppleWebKit/537.36 (KHTML, like Gecko) Chrome/70.0.3538.77 Safari/537.36"
::1 - - [13/Nov/2018:08:45:22 +0000] "GET /api/auth/profile HTTP/1.1" 304 - "http://localhost:8100/" "Mozilla/5.0 (Windows NT 10.0; Win64; x64) AppleWebKit/537.36 (KHTML, like Gecko) Chrome/70.0.3538.77 Safari/537.36"
::1 - - [13/Nov/2018:08:45:46 +0000] "GET /socket.io/?EIO=3&transport=polling&t=MSCFtkZ HTTP/1.1" 404 65 "http://localhost:8100/" "Mozilla/5.0 (Windows NT 10.0; Win64; x64) AppleWebKit/537.36 (KHTML, like Gecko) Chrome/70.0.3538.77 Safari/537.36"
::1 - - [13/Nov/2018:08:45:46 +0000] "GET /socket.io/?EIO=3&transport=polling&t=MSCFtu9 HTTP/1.1" 404 65 "http://localhost:8100/" "Mozilla/5.0 (Windows NT 10.0; Win64; x64) AppleWebKit/537.36 (KHTML, like Gecko) Chrome/70.0.3538.77 Safari/537.36"
